usage: main.py [-h] [-cc CC] [-sc SC] [--root ROOT] --workdir WORKDIR
               [--eval_folder EVAL_FOLDER] --mode {train,eval,continue}
               [--cont_nbr CONT_NBR] [--checkpoint CHECKPOINT]
               [--n_gpus_per_node N_GPUS_PER_NODE] [--n_nodes N_NODES]
               [--node_rank NODE_RANK] [--master_address MASTER_ADDRESS]
               [--master_port MASTER_PORT] [--distributed] [--overwrite]
               [--seed SEED] [--dataset DATASET] [--is_image]
               [--image_size IMAGE_SIZE] [--center_image]
               [--image_channels IMAGE_CHANNELS] [--data_dim DATA_DIM]
               [--data_location DATA_LOCATION] [--sde SDE]
               [--beta_type BETA_TYPE] [--beta0 BETA0] [--beta1 BETA1]
               [--m_inv M_INV] [--gamma GAMMA] [--numerical_eps NUMERICAL_EPS]
               [--optimizer OPTIMIZER] [--learning_rate LEARNING_RATE]
               [--weight_decay WEIGHT_DECAY] [--grad_clip GRAD_CLIP]
               [--cld_objective {dsm,hsm}] [--loss_eps LOSS_EPS]
               [--weighting {likelihood,reweightedv1,reweightedv2}]
               [--name NAME] [--ema_rate EMA_RATE]
               [--normalization NORMALIZATION] [--nonlinearity NONLINEARITY]
               [--n_channels N_CHANNELS] [--ch_mult CH_MULT]
               [--n_resblocks N_RESBLOCKS]
               [--attn_resolutions ATTN_RESOLUTIONS] [--resamp_with_conv]
               [--use_fir] [--fir_kernel FIR_KERNEL] [--skip_rescale]
               [--resblock_type RESBLOCK_TYPE] [--progressive PROGRESSIVE]
               [--progressive_input PROGRESSIVE_INPUT]
               [--progressive_combine PROGRESSIVE_COMBINE]
               [--attention_type ATTENTION_TYPE] [--init_scale INIT_SCALE]
               [--fourier_scale FOURIER_SCALE] [--conv_size CONV_SIZE]
               [--dropout DROPOUT] [--mixed_score]
               [--embedding_type {fourier,positional}]
               [--training_batch_size TRAINING_BATCH_SIZE]
               [--testing_batch_size TESTING_BATCH_SIZE]
               [--sampling_batch_size SAMPLING_BATCH_SIZE]
               [--n_train_iters N_TRAIN_ITERS]
               [--n_warmup_iters N_WARMUP_ITERS]
               [--snapshot_freq SNAPSHOT_FREQ] [--log_freq LOG_FREQ]
               [--eval_freq EVAL_FREQ] [--likelihood_freq LIKELIHOOD_FREQ]
               [--fid_freq FID_FREQ] [--eval_threshold EVAL_THRESHOLD]
               [--likelihood_threshold LIKELIHOOD_THRESHOLD]
               [--snapshot_threshold SNAPSHOT_THRESHOLD]
               [--fid_threshold FID_THRESHOLD]
               [--fid_samples_training FID_SAMPLES_TRAINING]
               [--n_eval_batches N_EVAL_BATCHES]
               [--n_likelihood_batches N_LIKELIHOOD_BATCHES]
               [--autocast_train] [--save_freq SAVE_FREQ]
               [--save_threshold SAVE_THRESHOLD]
               [--sampling_method {ode,em,sscs}]
               [--sampling_solver SAMPLING_SOLVER]
               [--sampling_solver_options SAMPLING_SOLVER_OPTIONS]
               [--sampling_rtol SAMPLING_RTOL] [--sampling_atol SAMPLING_ATOL]
               [--sscs_num_stab SSCS_NUM_STAB] [--denoising]
               [--n_discrete_steps N_DISCRETE_STEPS]
               [--striding {linear,quadratic}] [--sampling_eps SAMPLING_EPS]
               [--likelihood_solver LIKELIHOOD_SOLVER]
               [--likelihood_solver_options LIKELIHOOD_SOLVER_OPTIONS]
               [--likelihood_rtol LIKELIHOOD_RTOL]
               [--likelihood_atol LIKELIHOOD_ATOL]
               [--likelihood_eps LIKELIHOOD_EPS]
               [--likelihood_hutchinson_type {gaussian,rademacher}]
               [--ckpt_file CKPT_FILE] [--eval_sample] [--autocast_eval]
               [--eval_loss] [--eval_fid] [--eval_likelihood]
               [--eval_fid_samples EVAL_FID_SAMPLES] [--eval_jacobian_norm]
               [--eval_iw_likelihood] [--eval_density]
               [--eval_density_npts EVAL_DENSITY_NPTS] [--eval_sample_hist]
               [--eval_hist_samples EVAL_HIST_SAMPLES] [--eval_loss_variance]
               [--eval_loss_variance_images EVAL_LOSS_VARIANCE_IMAGES]
               [--eval_sample_samples EVAL_SAMPLE_SAMPLES]
               [--eval_seed EVAL_SEED]
main.py: error: unrecognized arguments: --continue
2024-08-24 17:27:18.977093: I tensorflow/stream_executor/platform/default/dso_loader.cc:49] Successfully opened dynamic library libcudart.so.10.1
usage: main.py [-h] [-cc CC] [-sc SC] [--root ROOT] --workdir WORKDIR
               [--eval_folder EVAL_FOLDER] --mode {train,eval,continue}
               [--cont_nbr CONT_NBR] [--checkpoint CHECKPOINT]
               [--n_gpus_per_node N_GPUS_PER_NODE] [--n_nodes N_NODES]
               [--node_rank NODE_RANK] [--master_address MASTER_ADDRESS]
               [--master_port MASTER_PORT] [--distributed] [--overwrite]
               [--seed SEED] [--dataset DATASET] [--is_image]
               [--image_size IMAGE_SIZE] [--center_image]
               [--image_channels IMAGE_CHANNELS] [--data_dim DATA_DIM]
               [--data_location DATA_LOCATION] [--sde SDE]
               [--beta_type BETA_TYPE] [--beta0 BETA0] [--beta1 BETA1]
               [--m_inv M_INV] [--gamma GAMMA] [--numerical_eps NUMERICAL_EPS]
               [--optimizer OPTIMIZER] [--learning_rate LEARNING_RATE]
               [--weight_decay WEIGHT_DECAY] [--grad_clip GRAD_CLIP]
               [--cld_objective {dsm,hsm}] [--loss_eps LOSS_EPS]
               [--weighting {likelihood,reweightedv1,reweightedv2}]
               [--name NAME] [--ema_rate EMA_RATE]
               [--normalization NORMALIZATION] [--nonlinearity NONLINEARITY]
               [--n_channels N_CHANNELS] [--ch_mult CH_MULT]
               [--n_resblocks N_RESBLOCKS]
               [--attn_resolutions ATTN_RESOLUTIONS] [--resamp_with_conv]
               [--use_fir] [--fir_kernel FIR_KERNEL] [--skip_rescale]
               [--resblock_type RESBLOCK_TYPE] [--progressive PROGRESSIVE]
               [--progressive_input PROGRESSIVE_INPUT]
               [--progressive_combine PROGRESSIVE_COMBINE]
               [--attention_type ATTENTION_TYPE] [--init_scale INIT_SCALE]
               [--fourier_scale FOURIER_SCALE] [--conv_size CONV_SIZE]
               [--dropout DROPOUT] [--mixed_score]
               [--embedding_type {fourier,positional}]
               [--training_batch_size TRAINING_BATCH_SIZE]
               [--testing_batch_size TESTING_BATCH_SIZE]
               [--sampling_batch_size SAMPLING_BATCH_SIZE]
               [--n_train_iters N_TRAIN_ITERS]
               [--n_warmup_iters N_WARMUP_ITERS]
               [--snapshot_freq SNAPSHOT_FREQ] [--log_freq LOG_FREQ]
               [--eval_freq EVAL_FREQ] [--likelihood_freq LIKELIHOOD_FREQ]
               [--fid_freq FID_FREQ] [--eval_threshold EVAL_THRESHOLD]
               [--likelihood_threshold LIKELIHOOD_THRESHOLD]
               [--snapshot_threshold SNAPSHOT_THRESHOLD]
               [--fid_threshold FID_THRESHOLD]
               [--fid_samples_training FID_SAMPLES_TRAINING]
               [--n_eval_batches N_EVAL_BATCHES]
               [--n_likelihood_batches N_LIKELIHOOD_BATCHES]
               [--autocast_train] [--save_freq SAVE_FREQ]
               [--save_threshold SAVE_THRESHOLD]
               [--sampling_method {ode,em,sscs}]
               [--sampling_solver SAMPLING_SOLVER]
               [--sampling_solver_options SAMPLING_SOLVER_OPTIONS]
               [--sampling_rtol SAMPLING_RTOL] [--sampling_atol SAMPLING_ATOL]
               [--sscs_num_stab SSCS_NUM_STAB] [--denoising]
               [--n_discrete_steps N_DISCRETE_STEPS]
               [--striding {linear,quadratic}] [--sampling_eps SAMPLING_EPS]
               [--likelihood_solver LIKELIHOOD_SOLVER]
               [--likelihood_solver_options LIKELIHOOD_SOLVER_OPTIONS]
               [--likelihood_rtol LIKELIHOOD_RTOL]
               [--likelihood_atol LIKELIHOOD_ATOL]
               [--likelihood_eps LIKELIHOOD_EPS]
               [--likelihood_hutchinson_type {gaussian,rademacher}]
               [--ckpt_file CKPT_FILE] [--eval_sample] [--autocast_eval]
               [--eval_loss] [--eval_fid] [--eval_likelihood]
               [--eval_fid_samples EVAL_FID_SAMPLES] [--eval_jacobian_norm]
               [--eval_iw_likelihood] [--eval_density]
               [--eval_density_npts EVAL_DENSITY_NPTS] [--eval_sample_hist]
               [--eval_hist_samples EVAL_HIST_SAMPLES] [--eval_loss_variance]
               [--eval_loss_variance_images EVAL_LOSS_VARIANCE_IMAGES]
               [--eval_sample_samples EVAL_SAMPLE_SAMPLES]
               [--eval_seed EVAL_SEED]
main.py: error: the following arguments are required: --workdir
